// Jest Snapshot v1, https://goo.gl/fbAQLP

exports[`Board should allow to move piece 1`] = `
"
□□□□a□b□c□d□e□f□g□h
□8 □♜□♞□♝□♛□♚□♝□♞□♜
□7 □ □♟□♟□♟□♟□♟□♟□♟
□6 □♟□ □ □ □ □ □ □ 
□5 □ □ □ □ □ □ □ □ 
□4 □ □ □ □ □ □ □ □ 
□3 □ □ □ □ □ □ □ □ 
□2 □♙□♙□♙□♙□♙□♙□♙□♙
□1 □♖□♘□♗□♕□♔□♗□♘□♖
"
`;
